[{"stream_name":"stderr","time":7.203771263,"data":"0.00s - Debugger warning: It seems that frozen modules are being used, which may\n"}
,{"stream_name":"stderr","time":7.203875776,"data":"0.00s - make the debugger miss breakpoints. Please pass -Xfrozen_modules=off\n"}
,{"stream_name":"stderr","time":7.203883275,"data":"0.00s - to python to disable frozen modules.\n"}
,{"stream_name":"stderr","time":7.203888335,"data":"0.00s - Note: Debugging will proceed. Set PYDEVD_DISABLE_FILE_VALIDATION=1 to disable this validation.\n"}
,{"stream_name":"stderr","time":7.998715844,"data":"0.00s - Debugger warning: It seems that frozen modules are being used, which may\n"}
,{"stream_name":"stderr","time":7.998757226,"data":"0.00s - make the debugger miss breakpoints. Please pass -Xfrozen_modules=off\n"}
,{"stream_name":"stderr","time":7.998765581,"data":"0.00s - to python to disable frozen modules.\n"}
,{"stream_name":"stderr","time":7.998781286,"data":"0.00s - Note: Debugging will proceed. Set PYDEVD_DISABLE_FILE_VALIDATION=1 to disable this validation.\n"}
,{"stream_name":"stdout","time":9.309882751,"data":"Model saved to model.json\n"}
,{"stream_name":"stdout","time":9.309935237,"data":"{\n"}
,{"stream_name":"stdout","time":9.309939035,"data":"  \"type\": \"linear\",\n"}
,{"stream_name":"stdout","time":9.309942065,"data":"  \"weights\": [\n"}
,{"stream_name":"stdout","time":9.309944887,"data":"    0.5,\n"}
,{"stream_name":"stdout","time":9.309948134,"data":"    -0.3,\n"}
,{"stream_name":"stdout","time":9.309950842,"data":"    0.8\n"}
,{"stream_name":"stdout","time":9.309953505,"data":"  ],\n"}
,{"stream_name":"stdout","time":9.309956374,"data":"  \"bias\": 0.1,\n"}
,{"stream_name":"stdout","time":9.309959245,"data":"  \"features\": [\n"}
,{"stream_name":"stdout","time":9.309962003,"data":"    \"x1\",\n"}
,{"stream_name":"stdout","time":9.309964874,"data":"    \"x2\",\n"}
,{"stream_name":"stdout","time":9.309967663,"data":"    \"x3\"\n"}
,{"stream_name":"stdout","time":9.309970366,"data":"  ]\n"}
,{"stream_name":"stdout","time":9.309973028,"data":"}\n"}
,{"stream_name":"stderr","time":12.739966794,"data":"/usr/local/lib/python3.12/dist-packages/mistune.py:435: SyntaxWarning: invalid escape sequence '\\|'\n"}
,{"stream_name":"stderr","time":12.74001855,"data":"  cells[i][c] = re.sub('\\\\\\\\\\|', '|', cell)\n"}
,{"stream_name":"stderr","time":12.939756141,"data":"/usr/local/lib/python3.12/dist-packages/nbconvert/filters/filter_links.py:36: SyntaxWarning: invalid escape sequence '\\_'\n"}
,{"stream_name":"stderr","time":12.939797705,"data":"  text = re.sub(r'_', '\\_', text) # Escape underscores in display text\n"}
,{"stream_name":"stderr","time":13.684263079,"data":"[NbConvertApp] Converting notebook __notebook__.ipynb to notebook\n"}
,{"stream_name":"stderr","time":14.071217062,"data":"[NbConvertApp] Writing 2318 bytes to __notebook__.ipynb\n"}
,{"stream_name":"stderr","time":17.187797285,"data":"[NbConvertApp] Converting notebook __notebook__.ipynb to html\n"}
,{"stream_name":"stderr","time":18.228119696,"data":"[NbConvertApp] Writing 275028 bytes to __results__.html\n"}
]